main.c:136:5:main	8	static
main.c:237:6:SystemClock_Config	88	static
main.c:277:13:MX_CAN1_Init	8	static
main.c:314:13:MX_DAC_Init	16	static
main.c:352:13:MX_I2C1_Init	8	static
main.c:398:13:MX_TIM2_Init	48	static
main.c:447:13:MX_TIM4_Init	48	static
main.c:496:13:MX_TIM9_Init	40	static
main.c:538:13:MX_GPIO_Init	56	static
main.c:706:6:CANStart	48	static
main.c:740:6:CANTransmit	56	static
main.c:756:6:CANTransmit2	64	static
main.c:772:6:HAL_CAN_RxFifo0MsgPendingCallback	56	static
main.c:794:6:HAL_GPIO_EXTI_Callback	16	static
main.c:837:6:brakeLight	8	static
main.c:844:6:transmitAPPSvalue	16	static
main.c:850:6:transmitAPPSvalue_DAC	8	static
main.c:854:19:HAL_CAN_AddTxMessageType1	40	static
main.c:963:6:Error_Handler	4	static
