Eve2_81x.c:57:10:Display_Width	4	static
Eve2_81x.c:62:10:Display_Height	4	static
Eve2_81x.c:67:9:Display_Touch	4	static
Eve2_81x.c:72:10:Display_HOffset	4	static
Eve2_81x.c:76:10:Display_VOffset	4	static
Eve2_81x.c:85:6:FT81x_Init	112	static
Eve2_81x.c:357:6:Eve_Reset	8	static
Eve2_81x.c:363:6:Cap_Touch_Upload	1224	static
Eve2_81x.c:392:6:HostCommand	16	static
Eve2_81x.c:410:6:wr32	16	static
Eve2_81x.c:426:6:wr16	16	static
Eve2_81x.c:440:6:wr8	16	static
Eve2_81x.c:453:10:rd32	24	static
Eve2_81x.c:472:10:rd16	24	static
Eve2_81x.c:490:9:rd8	24	static
Eve2_81x.c:510:6:Send_CMD	16	static
Eve2_81x.c:521:6:UpdateFIFO	8	static
Eve2_81x.c:527:9:Cmd_READ_REG_ID	16	static
Eve2_81x.c:562:6:Cmd_Slider	24	static
Eve2_81x.c:572:6:Cmd_Spinner	24	static
Eve2_81x.c:580:6:Cmd_Gauge	24	static
Eve2_81x.c:591:6:Cmd_Dial	24	static
Eve2_81x.c:601:6:Cmd_Track	24	static
Eve2_81x.c:610:6:Cmd_Number	24	static
Eve2_81x.c:619:6:Cmd_Gradient	24	static
Eve2_81x.c:628:6:Cmd_Toggle	40	static
Eve2_81x.c:654:6:Cmd_Button	40	static
Eve2_81x.c:683:6:Cmd_Text	40	static
Eve2_81x.c:715:6:Cmd_SetBitmap	24	static
Eve2_81x.c:723:6:Cmd_RomFont	16	static
Eve2_81x.c:731:6:Cmd_Memcpy	24	static
Eve2_81x.c:740:6:Cmd_GetPtr	8	static
Eve2_81x.c:747:6:Cmd_GradientColor	16	static
Eve2_81x.c:754:6:Cmd_FGcolor	16	static
Eve2_81x.c:761:6:Cmd_BGcolor	16	static
Eve2_81x.c:768:6:Cmd_Translate	16	static
Eve2_81x.c:776:6:Cmd_Rotate	16	static
Eve2_81x.c:783:6:Cmd_SetRotate	16	static
Eve2_81x.c:790:6:Cmd_Scale	16	static
Eve2_81x.c:797:6:Cmd_Flash_Fast	8	static
Eve2_81x.c:805:6:Cmd_Calibrate	16	static
Eve2_81x.c:813:6:Calibrate_Manual	176	static
Eve2_81x.c:914:10:CoProFIFO_FreeSpace	16	static
Eve2_81x.c:927:6:Wait4CoProFIFO	24	static
Eve2_81x.c:938:6:Wait4CoProFIFOEmpty	24	static
Eve2_81x.c:975:6:StartCoProTransfer	16	static
Eve2_81x.c:991:6:CoProWrCmdBuf	24	static
Eve2_81x.c:1036:10:WriteBlockRAM	32	static
Eve2_81x.c:1049:9:CalcCoef	32	static
Eve2_81x.c:1078:6:FlashAttach	16	static
Eve2_81x.c:1092:6:FlashDetach	16	static
Eve2_81x.c:1106:6:FlashFast	16	static
Eve2_81x.c:1120:6:FlashErase	8	static
