00:49:52 **** Incremental Build of configuration Debug for project ADC_DMA ****
make -j12 all 
arm-none-eabi-gcc "../Core/Src/main.c" -mcpu=cortex-m4 -std=gnu11 -g3 -DDEBUG -DUSE_HAL_DRIVER -DSTM32F429xx -c -I../Core/Inc -I../Drivers/STM32F4xx_HAL_Driver/Inc -I../Drivers/STM32F4xx_HAL_Driver/Inc/Legacy -I../Drivers/CMSIS/Device/ST/STM32F4xx/Include -I../Drivers/CMSIS/Include -O0 -ffunction-sections -fdata-sections -Wall -fstack-usage -MMD -MP -MF"Core/Src/main.d" -MT"Core/Src/main.o" --specs=nano.specs -mfpu=fpv4-sp-d16 -mfloat-abi=hard -mthumb -o "Core/Src/main.o"
arm-none-eabi-gcc -o "ADC_DMA.elf" @"objects.list"   -mcpu=cortex-m4 -T"E:\Axlr8r\STM32\ADC_DMA\STM32F429ZITX_FLASH.ld" --specs=nosys.specs -Wl,-Map="ADC_DMA.map" -Wl,--gc-sections -static --specs=nano.specs -mfpu=fpv4-sp-d16 -mfloat-abi=hard -mthumb -Wl,--start-group -lc -lm -Wl,--end-group
Finished building target: ADC_DMA.elf
 
arm-none-eabi-objdump -h -S  ADC_DMA.elf  > "ADC_DMA.list"
arm-none-eabi-objcopy  -O binary  ADC_DMA.elf  "ADC_DMA.bin"
arm-none-eabi-size   ADC_DMA.elf 
   text	   data	    bss	    dec	    hex	filename
  10940	     20	   1740	  12700	   319c	ADC_DMA.elf
Finished building: default.size.stdout
 
Finished building: ADC_DMA.bin
 
Finished building: ADC_DMA.list
 

00:49:54 Build Finished. 0 errors, 0 warnings. (took 1s.556ms)

