15:28:47 **** Incremental Build of configuration Debug for project CANNode1 ****
make -j12 all 
arm-none-eabi-gcc "../Core/Src/main.c" -mcpu=cortex-m0 -std=gnu11 -g3 -DUSE_HAL_DRIVER -DSTM32F042x6 -DDEBUG -c -I../Core/Inc -I../Drivers/STM32F0xx_HAL_Driver/Inc -I../Drivers/STM32F0xx_HAL_Driver/Inc/Legacy -I../Drivers/CMSIS/Device/ST/STM32F0xx/Include -I../Drivers/CMSIS/Include -O0 -ffunction-sections -fdata-sections -Wall -fstack-usage -MMD -MP -MF"Core/Src/main.d" -MT"Core/Src/main.o" --specs=nano.specs -mfloat-abi=soft -mthumb -o "Core/Src/main.o"
arm-none-eabi-gcc -o "CANNode1.elf" @"objects.list"   -mcpu=cortex-m0 -T"E:\Axlr8r\STM32\CANNode1\STM32F042C6TX_FLASH.ld" --specs=nosys.specs -Wl,-Map="CANNode1.map" -Wl,--gc-sections -static --specs=nano.specs -mfloat-abi=soft -mthumb -Wl,--start-group -lc -lm -Wl,--end-group
Finished building target: CANNode1.elf
 
arm-none-eabi-objdump -h -S  CANNode1.elf  > "CANNode1.list"
arm-none-eabi-objcopy  -O binary  CANNode1.elf  "CANNode1.bin"
arm-none-eabi-size   CANNode1.elf 
   text	   data	    bss	    dec	    hex	filename
   6724	     20	   1708	   8452	   2104	CANNode1.elf
Finished building: default.size.stdout
 
Finished building: CANNode1.bin
 
Finished building: CANNode1.list
 

15:28:48 Build Finished. 0 errors, 0 warnings. (took 886ms)

