20:12:20 **** Incremental Build of configuration Debug for project PWM ****
make -j12 all 
arm-none-eabi-gcc "../Core/Src/main.c" -mcpu=cortex-m4 -std=gnu11 -g3 -DUSE_HAL_DRIVER -DDEBUG -DSTM32F429xx -c -I../Core/Inc -I../Drivers/STM32F4xx_HAL_Driver/Inc -I../Drivers/STM32F4xx_HAL_Driver/Inc/Legacy -I../Drivers/CMSIS/Device/ST/STM32F4xx/Include -I../Drivers/CMSIS/Include -O0 -ffunction-sections -fdata-sections -Wall -fstack-usage -MMD -MP -MF"Core/Src/main.d" -MT"Core/Src/main.o" --specs=nano.specs -mfpu=fpv4-sp-d16 -mfloat-abi=hard -mthumb -o "Core/Src/main.o"
arm-none-eabi-gcc -o "PWM.elf" @"objects.list"   -mcpu=cortex-m4 -T"E:\Axlr8r\STM32\PWM\STM32F429ZITX_FLASH.ld" --specs=nosys.specs -Wl,-Map="PWM.map" -Wl,--gc-sections -static --specs=nano.specs -mfpu=fpv4-sp-d16 -mfloat-abi=hard -mthumb -Wl,--start-group -lc -lm -Wl,--end-group
Finished building target: PWM.elf
 
arm-none-eabi-objdump -h -S  PWM.elf  > "PWM.list"
arm-none-eabi-objcopy  -O binary  PWM.elf  "PWM.bin"
arm-none-eabi-size   PWM.elf 
   text	   data	    bss	    dec	    hex	filename
  17488	     20	   1836	  19344	   4b90	PWM.elf
Finished building: default.size.stdout
 
Finished building: PWM.bin
 
Finished building: PWM.list
 

20:12:22 Build Finished. 0 errors, 0 warnings. (took 1s.963ms)

